This file contains any messages produced by compilers while
running configure, to aid debugging if configure makes a mistake.

It was created by ccid configure 1.5.0, which was
generated by GNU Autoconf 2.71.  Invocation command line was

  $ ./configure --enable-usbdropdir=/usr/lib/pcsc/drivers

## --------- ##
## Platform. ##
## --------- ##

hostname = yanice-System-Product-Name
uname -m = x86_64
uname -r = 6.8.0-64-generic
uname -s = Linux
uname -v = #67~22.04.1-Ubuntu SMP PREEMPT_DYNAMIC Tue Jun 24 15:19:46 UTC 2

/usr/bin/uname -p = x86_64
/bin/uname -X     = unknown

/bin/arch              = x86_64
/usr/bin/arch -k       = unknown
/usr/convex/getsysinfo = unknown
/usr/bin/hostinfo      = unknown
/bin/machine           = unknown
/usr/bin/oslevel       = unknown
/bin/universe          = unknown

PATH: /opt/android-studio-2024.3.1/android-studio/jbr/bin/
PATH: /home/yanice/.local/bin/
PATH: /home/yanice/bin/
PATH: /opt/android-studio-2024.3.1/android-studio/jbr/bin/
PATH: /tmp/.mount_Cursor7VAfGQ/usr/bin/
PATH: /tmp/.mount_Cursor7VAfGQ/usr/sbin/
PATH: /tmp/.mount_Cursor7VAfGQ/usr/games/
PATH: /tmp/.mount_Cursor7VAfGQ/bin/
PATH: /tmp/.mount_Cursor7VAfGQ/sbin/
PATH: /home/yanice/.cargo/bin/
PATH: /home/yanice/.local/bin/
PATH: /home/yanice/bin/
PATH: /usr/local/sbin/
PATH: /usr/local/bin/
PATH: /usr/sbin/
PATH: /usr/bin/
PATH: /sbin/
PATH: /bin/
PATH: /usr/games/
PATH: /usr/local/games/
PATH: /snap/bin/
PATH: /snap/bin/
PATH: /home/yanice/.local/bin/
PATH: /home/yanice/Desktop/tinylinux_ekc/toolchain/4.3.2/bin/
PATH: /home/yanice/.cursor/extensions/ms-python.debugpy-2025.10.0-linux-x64/bundled/scripts/noConfigScripts/
PATH: /home/yanice/.local/bin/
PATH: /home/yanice/Desktop/tinylinux_ekc/toolchain/4.3.2/bin/


## ----------- ##
## Core tests. ##
## ----------- ##

configure:2543: looking for aux files: ltmain.sh ar-lib compile config.guess config.sub missing install-sh
configure:2556:  trying ././
configure:2585:   ././ltmain.sh found
configure:2585:   ././ar-lib found
configure:2585:   ././compile found
configure:2585:   ././config.guess found
configure:2585:   ././config.sub found
configure:2585:   ././missing found
configure:2567:   ././install-sh found
configure:2716: checking for a BSD-compatible install
configure:2789: result: /usr/bin/install -c
configure:2800: checking whether build environment is sane
configure:2855: result: yes
configure:3014: checking for a race-free mkdir -p
configure:3058: result: /usr/bin/mkdir -p
configure:3065: checking for gawk
configure:3086: found /usr/bin/gawk
configure:3097: result: gawk
configure:3108: checking whether make sets $(MAKE)
configure:3131: result: yes
configure:3161: checking whether make supports nested variables
configure:3179: result: yes
configure:3330: checking whether make supports nested variables
configure:3348: result: yes
configure:3370: checking build system type
configure:3385: result: x86_64-pc-linux-gnu
configure:3405: checking host system type
configure:3419: result: x86_64-pc-linux-gnu
configure:3446: checking whether to enable maintainer-specific portions of Makefiles
configure:3456: result: no
configure:3533: checking for gcc
configure:3554: found /usr/bin/gcc
configure:3565: result: gcc
configure:3918: checking for C compiler version
configure:3927: gcc --version >&5
gcc (Ubuntu 11.4.0-1ubuntu1~22.04) 11.4.0
Copyright (C) 2021 Free Software Foundation, Inc.
This is free software; see the source for copying conditions.  There is NO
warranty; not even for MERCHANTABILITY or FITNESS FOR A PARTICULAR PURPOSE.

configure:3938: $? = 0
configure:3927: gcc -v >&5
Using built-in specs.
COLLECT_GCC=gcc
COLLECT_LTO_WRAPPER=/usr/lib/gcc/x86_64-linux-gnu/11/lto-wrapper
OFFLOAD_TARGET_NAMES=nvptx-none:amdgcn-amdhsa
OFFLOAD_TARGET_DEFAULT=1
Target: x86_64-linux-gnu
Configured with: ../src/configure -v --with-pkgversion='Ubuntu 11.4.0-1ubuntu1~22.04' --with-bugurl=file:///usr/share/doc/gcc-11/README.Bugs --enable-languages=c,ada,c++,go,brig,d,fortran,objc,obj-c++,m2 --prefix=/usr --with-gcc-major-version-only --program-suffix=-11 --program-prefix=x86_64-linux-gnu- --enable-shared --enable-linker-build-id --libexecdir=/usr/lib --without-included-gettext --enable-threads=posix --libdir=/usr/lib --enable-nls --enable-bootstrap --enable-clocale=gnu --enable-libstdcxx-debug --enable-libstdcxx-time=yes --with-default-libstdcxx-abi=new --enable-gnu-unique-object --disable-vtable-verify --enable-plugin --enable-default-pie --with-system-zlib --enable-libphobos-checking=release --with-target-system-zlib=auto --enable-objc-gc=auto --enable-multiarch --disable-werror --enable-cet --with-arch-32=i686 --with-abi=m64 --with-multilib-list=m32,m64,mx32 --enable-multilib --with-tune=generic --enable-offload-targets=nvptx-none=/build/gcc-11-XeT9lY/gcc-11-11.4.0/debian/tmp-nvptx/usr,amdgcn-amdhsa=/build/gcc-11-XeT9lY/gcc-11-11.4.0/debian/tmp-gcn/usr --without-cuda-driver --enable-checking=release --build=x86_64-linux-gnu --host=x86_64-linux-gnu --target=x86_64-linux-gnu --with-build-config=bootstrap-lto-lean --enable-link-serialization=2
Thread model: posix
Supported LTO compression algorithms: zlib zstd
gcc version 11.4.0 (Ubuntu 11.4.0-1ubuntu1~22.04) 
... rest of stderr output deleted ...
configure:3938: $? = 0
configure:3927: gcc -V >&5
gcc: error: unrecognized command-line option '-V'
gcc: fatal error: no input files
compilation terminated.
configure:3938: $? = 1
configure:3927: gcc -qversion >&5
gcc: error: unrecognized command-line option '-qversion'; did you mean '--version'?
gcc: fatal error: no input files
compilation terminated.
configure:3938: $? = 1
configure:3927: gcc -version >&5
gcc: error: unrecognized command-line option '-version'
gcc: fatal error: no input files
compilation terminated.
configure:3938: $? = 1
configure:3958: checking whether the C compiler works
configure:3980: gcc    conftest.c  >&5
configure:3984: $? = 0
configure:4034: result: yes
configure:4037: checking for C compiler default output file name
configure:4039: result: a.out
configure:4045: checking for suffix of executables
configure:4052: gcc -o conftest    conftest.c  >&5
configure:4056: $? = 0
configure:4079: result: 
configure:4101: checking whether we are cross compiling
configure:4109: gcc -o conftest    conftest.c  >&5
configure:4113: $? = 0
configure:4120: ./conftest
configure:4124: $? = 0
configure:4139: result: no
configure:4144: checking for suffix of object files
configure:4167: gcc -c   conftest.c >&5
configure:4171: $? = 0
configure:4193: result: o
configure:4197: checking whether the compiler supports GNU C
configure:4217: gcc -c   conftest.c >&5
configure:4217: $? = 0
configure:4227: result: yes
configure:4238: checking whether gcc accepts -g
configure:4259: gcc -c -g  conftest.c >&5
configure:4259: $? = 0
configure:4303: result: yes
configure:4323: checking for gcc option to enable C11 features
configure:4338: gcc  -c -g -O2  conftest.c >&5
configure:4338: $? = 0
configure:4356: result: none needed
configure:4472: checking whether gcc understands -c and -o together
configure:4495: gcc -c conftest.c -o conftest2.o
configure:4498: $? = 0
configure:4495: gcc -c conftest.c -o conftest2.o
configure:4498: $? = 0
configure:4510: result: yes
configure:4530: checking whether make supports the include directive
configure:4545: make -f confmf.GNU && cat confinc.out
this is the am__doit target
configure:4548: $? = 0
configure:4567: result: yes (GNU style)
configure:4593: checking dependency style of gcc
configure:4705: result: gcc3
configure:4726: checking how to run the C preprocessor
configure:4752: gcc -E  conftest.c
configure:4752: $? = 0
configure:4767: gcc -E  conftest.c
conftest.c:11:10: fatal error: ac_nonexistent.h: No such file or directory
   11 | #include <ac_nonexistent.h>
      |          ^~~~~~~~~~~~~~~~~~
compilation terminated.
configure:4767: $? = 1
configure: failed program was:
| /* confdefs.h */
| #define PACKAGE_NAME "ccid"
| #define PACKAGE_TARNAME "ccid"
| #define PACKAGE_VERSION "1.5.0"
| #define PACKAGE_STRING "ccid 1.5.0"
| #define PACKAGE_BUGREPORT ""
| #define PACKAGE_URL ""
| #define PACKAGE "ccid"
| #define VERSION "1.5.0"
| /* end confdefs.h.  */
| #include <ac_nonexistent.h>
configure:4794: result: gcc -E
configure:4808: gcc -E  conftest.c
configure:4808: $? = 0
configure:4823: gcc -E  conftest.c
conftest.c:11:10: fatal error: ac_nonexistent.h: No such file or directory
   11 | #include <ac_nonexistent.h>
      |          ^~~~~~~~~~~~~~~~~~
compilation terminated.
configure:4823: $? = 1
configure: failed program was:
| /* confdefs.h */
| #define PACKAGE_NAME "ccid"
| #define PACKAGE_TARNAME "ccid"
| #define PACKAGE_VERSION "1.5.0"
| #define PACKAGE_STRING "ccid 1.5.0"
| #define PACKAGE_BUGREPORT ""
| #define PACKAGE_URL ""
| #define PACKAGE "ccid"
| #define VERSION "1.5.0"
| /* end confdefs.h.  */
| #include <ac_nonexistent.h>
configure:4854: checking whether make sets $(MAKE)
configure:4877: result: yes
configure:4886: checking whether ln -s works
configure:4890: result: yes
configure:4902: checking for flex
configure:4923: found /usr/bin/flex
configure:4934: result: flex
configure:4983: checking for lex output file root
configure:4996: flex conftest.l
configure:5000: $? = 0
configure:5008: result: lex.yy
configure:5023: checking for lex library
configure:5048: gcc -o conftest -g -O2   conftest.c  >&5
configure:5048: $? = 0
configure:5061: result: none needed
configure:5076: checking for library containing yywrap
configure:5106: gcc -o conftest -g -O2   conftest.c  >&5
/usr/bin/ld: /tmp/ccZ90vDL.o: in function `main':
/home/yanice/Desktop/NFCkeyboard/ccid-1.5.0/conftest.c:19: undefined reference to `yywrap'
collect2: error: ld returned 1 exit status
configure:5106: $? = 1
configure: failed program was:
| /* confdefs.h */
| #define PACKAGE_NAME "ccid"
| #define PACKAGE_TARNAME "ccid"
| #define PACKAGE_VERSION "1.5.0"
| #define PACKAGE_STRING "ccid 1.5.0"
| #define PACKAGE_BUGREPORT ""
| #define PACKAGE_URL ""
| #define PACKAGE "ccid"
| #define VERSION "1.5.0"
| /* end confdefs.h.  */
| 
| /* Override any GCC internal prototype to avoid an error.
|    Use char because int might match the return type of a GCC
|    builtin and then its argument prototype would still apply.  */
| char yywrap ();
| int
| main (void)
| {
| return yywrap ();
|   ;
|   return 0;
| }
configure:5106: gcc -o conftest -g -O2   conftest.c -lfl   >&5
/usr/bin/ld: /usr/lib/gcc/x86_64-linux-gnu/11/../../../x86_64-linux-gnu/libfl.so: undefined reference to `yylex'
collect2: error: ld returned 1 exit status
configure:5106: $? = 1
configure: failed program was:
| /* confdefs.h */
| #define PACKAGE_NAME "ccid"
| #define PACKAGE_TARNAME "ccid"
| #define PACKAGE_VERSION "1.5.0"
| #define PACKAGE_STRING "ccid 1.5.0"
| #define PACKAGE_BUGREPORT ""
| #define PACKAGE_URL ""
| #define PACKAGE "ccid"
| #define VERSION "1.5.0"
| /* end confdefs.h.  */
| 
| /* Override any GCC internal prototype to avoid an error.
|    Use char because int might match the return type of a GCC
|    builtin and then its argument prototype would still apply.  */
| char yywrap ();
| int
| main (void)
| {
| return yywrap ();
|   ;
|   return 0;
| }
configure:5106: gcc -o conftest -g -O2   conftest.c -ll   >&5
configure:5106: $? = 0
configure:5126: result: -ll
configure:5142: checking whether yytext is a pointer
configure:5158: gcc -c -g -O2  conftest.c >&5
configure:5158: $? = 0
configure:5165: result: yes
configure:5235: checking for ar
configure:5256: found /usr/bin/ar
configure:5267: result: ar
configure:5293: checking the archiver (ar) interface
configure:5310: gcc -c -g -O2  conftest.c >&5
configure:5310: $? = 0
configure:5313: ar cru libconftest.a conftest.o >&5
ar: `u' modifier ignored since `D' is the default (see `U')
configure:5316: $? = 0
configure:5344: result: ar
configure:5423: checking for pkg-config
configure:5446: found /usr/bin/pkg-config
configure:5458: result: /usr/bin/pkg-config
configure:5483: checking pkg-config is at least version 0.9.0
configure:5486: result: yes
configure:5498: $PKG_CONFIG --exists --print-errors "libpcsclite"
configure:5501: $? = 0
configure:5505: checking for libpcsclite >= 1.8.3
configure:5512: $PKG_CONFIG --exists --print-errors "libpcsclite >= $PCSC_NEEDED_VERSION"
configure:5515: $? = 0
configure:5529: $PKG_CONFIG --exists --print-errors "libpcsclite >= $PCSC_NEEDED_VERSION"
configure:5532: $? = 0
configure:5584: result: yes
configure:5601: checking for stdio.h
configure:5601: gcc -c -g -O2  -pthread -I/usr/include/PCSC conftest.c >&5
configure:5601: $? = 0
configure:5601: result: yes
configure:5601: checking for stdlib.h
configure:5601: gcc -c -g -O2  -pthread -I/usr/include/PCSC conftest.c >&5
configure:5601: $? = 0
configure:5601: result: yes
configure:5601: checking for string.h
configure:5601: gcc -c -g -O2  -pthread -I/usr/include/PCSC conftest.c >&5
configure:5601: $? = 0
configure:5601: result: yes
configure:5601: checking for inttypes.h
configure:5601: gcc -c -g -O2  -pthread -I/usr/include/PCSC conftest.c >&5
configure:5601: $? = 0
configure:5601: result: yes
configure:5601: checking for stdint.h
configure:5601: gcc -c -g -O2  -pthread -I/usr/include/PCSC conftest.c >&5
configure:5601: $? = 0
configure:5601: result: yes
configure:5601: checking for strings.h
configure:5601: gcc -c -g -O2  -pthread -I/usr/include/PCSC conftest.c >&5
configure:5601: $? = 0
configure:5601: result: yes
configure:5601: checking for sys/stat.h
configure:5601: gcc -c -g -O2  -pthread -I/usr/include/PCSC conftest.c >&5
configure:5601: $? = 0
configure:5601: result: yes
configure:5601: checking for sys/types.h
configure:5601: gcc -c -g -O2  -pthread -I/usr/include/PCSC conftest.c >&5
configure:5601: $? = 0
configure:5601: result: yes
configure:5601: checking for unistd.h
configure:5601: gcc -c -g -O2  -pthread -I/usr/include/PCSC conftest.c >&5
configure:5601: $? = 0
configure:5601: result: yes
configure:5626: checking for ifdhandler.h
configure:5626: gcc -c -g -O2  -pthread -I/usr/include/PCSC conftest.c >&5
configure:5626: $? = 0
configure:5626: result: yes
configure:5634: checking for reader.h
configure:5634: gcc -c -g -O2  -pthread -I/usr/include/PCSC conftest.c >&5
configure:5634: $? = 0
configure:5634: result: yes
configure:5693: checking how to print strings
configure:5720: result: printf
configure:5741: checking for a sed that does not truncate output
configure:5811: result: /usr/bin/sed
configure:5829: checking for grep that handles long lines and -e
configure:5893: result: /usr/bin/grep
configure:5898: checking for egrep
configure:5966: result: /usr/bin/grep -E
configure:5971: checking for fgrep
configure:6039: result: /usr/bin/grep -F
configure:6075: checking for ld used by gcc
configure:6143: result: /usr/bin/ld
configure:6150: checking if the linker (/usr/bin/ld) is GNU ld
configure:6166: result: yes
configure:6178: checking for BSD- or MS-compatible name lister (nm)
configure:6233: result: /usr/bin/nm -B
configure:6373: checking the name lister (/usr/bin/nm -B) interface
configure:6381: gcc -c -g -O2  conftest.c >&5
configure:6384: /usr/bin/nm -B "conftest.o"
configure:6387: output
0000000000000000 B some_variable
configure:6394: result: BSD nm
configure:6398: checking the maximum length of command line arguments
configure:6530: result: 1572864
configure:6578: checking how to convert x86_64-pc-linux-gnu file names to x86_64-pc-linux-gnu format
configure:6619: result: func_convert_file_noop
configure:6626: checking how to convert x86_64-pc-linux-gnu file names to toolchain format
configure:6647: result: func_convert_file_noop
configure:6654: checking for /usr/bin/ld option to reload object files
configure:6662: result: -r
configure:6741: checking for objdump
configure:6762: found /usr/bin/objdump
configure:6773: result: objdump
configure:6805: checking how to recognize dependent libraries
configure:7006: result: pass_all
configure:7096: checking for dlltool
configure:7131: result: no
configure:7161: checking how to associate runtime and link libraries
configure:7189: result: printf %s\n
configure:7323: checking for archiver @FILE support
configure:7341: gcc -c -g -O2  conftest.c >&5
configure:7341: $? = 0
configure:7345: ar cr libconftest.a @conftest.lst >&5
configure:7348: $? = 0
configure:7353: ar cr libconftest.a @conftest.lst >&5
ar: conftest.o: No such file or directory
configure:7356: $? = 1
configure:7368: result: @
configure:7431: checking for strip
configure:7452: found /usr/bin/strip
configure:7463: result: strip
configure:7540: checking for ranlib
configure:7561: found /usr/bin/ranlib
configure:7572: result: ranlib
configure:7674: checking command to parse /usr/bin/nm -B output from gcc object
configure:7828: gcc -c -g -O2  conftest.c >&5
configure:7831: $? = 0
configure:7835: /usr/bin/nm -B conftest.o | sed -n -e 's/^.*[	 ]\([ABCDGIRSTW][ABCDGIRSTW]*\)[	 ][	 ]*\([_A-Za-z][_A-Za-z0-9]*\)$/\1 \2 \2/p' | sed '/ __gnu_lto/d' > conftest.nm
configure:7901: gcc -o conftest -g -O2   conftest.c conftstm.o >&5
configure:7904: $? = 0
configure:7942: result: ok
configure:7989: checking for sysroot
configure:8020: result: no
configure:8027: checking for a working dd
configure:8071: result: /usr/bin/dd
configure:8075: checking how to truncate binary pipes
configure:8091: result: /usr/bin/dd bs=4096 count=1
configure:8228: gcc -c -g -O2  conftest.c >&5
configure:8231: $? = 0
configure:8428: checking for mt
configure:8449: found /usr/bin/mt
configure:8460: result: mt
configure:8483: checking if mt is a manifest tool
configure:8490: mt '-?'
configure:8498: result: no
configure:9224: checking for dlfcn.h
configure:9224: gcc -c -g -O2  conftest.c >&5
configure:9224: $? = 0
configure:9224: result: yes
configure:9482: checking for objdir
configure:9498: result: .libs
configure:9762: checking if gcc supports -fno-rtti -fno-exceptions
configure:9781: gcc -c -g -O2  -fno-rtti -fno-exceptions conftest.c >&5
cc1: warning: command-line option '-fno-rtti' is valid for C++/D/ObjC++ but not for C
configure:9785: $? = 0
configure:9798: result: no
configure:10162: checking for gcc option to produce PIC
configure:10170: result: -fPIC -DPIC
configure:10178: checking if gcc PIC flag -fPIC -DPIC works
configure:10197: gcc -c -g -O2  -fPIC -DPIC -DPIC conftest.c >&5
configure:10201: $? = 0
configure:10214: result: yes
configure:10243: checking if gcc static flag -static works
configure:10272: result: yes
configure:10287: checking if gcc supports -c -o file.o
configure:10309: gcc -c -g -O2  -o out/conftest2.o conftest.c >&5
configure:10313: $? = 0
configure:10335: result: yes
configure:10343: checking if gcc supports -c -o file.o
configure:10391: result: yes
configure:10424: checking whether the gcc linker (/usr/bin/ld -m elf_x86_64) supports shared libraries
configure:11694: result: yes
configure:11731: checking whether -lc should be explicitly linked in
configure:11740: gcc -c -g -O2  conftest.c >&5
configure:11743: $? = 0
configure:11758: gcc -shared  -fPIC -DPIC conftest.o  -v -Wl,-soname -Wl,conftest -o conftest 2\>\&1 \| /usr/bin/grep  -lc  \>/dev/null 2\>\&1
configure:11761: $? = 0
configure:11775: result: no
configure:11935: checking dynamic linker characteristics
configure:12517: gcc -o conftest -g -O2   -Wl,-rpath -Wl,/foo conftest.c  >&5
configure:12517: $? = 0
configure:12768: result: GNU/Linux ld.so
configure:12890: checking how to hardcode library paths into programs
configure:12915: result: immediate
configure:13467: checking whether stripping libraries is possible
configure:13472: result: yes
configure:13507: checking if libtool supports shared libraries
configure:13509: result: yes
configure:13512: checking whether to build shared libraries
configure:13537: result: yes
configure:13540: checking whether to build static libraries
configure:13544: result: no
configure:13590: checking for errno.h
configure:13590: gcc -c -g -O2  conftest.c >&5
configure:13590: $? = 0
configure:13590: result: yes
configure:13590: checking for fcntl.h
configure:13590: gcc -c -g -O2  conftest.c >&5
configure:13590: $? = 0
configure:13590: result: yes
configure:13590: checking for stdlib.h
configure:13590: result: yes
configure:13590: checking for unistd.h
configure:13590: result: yes
configure:13590: checking for termios.h
configure:13590: gcc -c -g -O2  conftest.c >&5
configure:13590: $? = 0
configure:13590: result: yes
configure:13590: checking for string.h
configure:13590: result: yes
configure:13590: checking for sys/time.h
configure:13590: gcc -c -g -O2  conftest.c >&5
configure:13590: $? = 0
configure:13590: result: yes
configure:13590: checking for sys/types.h
configure:13590: result: yes
configure:13590: checking for stdarg.h
configure:13590: gcc -c -g -O2  conftest.c >&5
configure:13590: $? = 0
configure:13590: result: yes
configure:13590: checking for arpa/inet.h
configure:13590: gcc -c -g -O2  conftest.c >&5
configure:13590: $? = 0
configure:13590: result: yes
configure:13590: checking for stdio.h
configure:13590: result: yes
configure:13604: checking for an ANSI C-conforming const
configure:13671: gcc -c -g -O2  conftest.c >&5
configure:13671: $? = 0
configure:13679: result: yes
configure:13687: checking for size_t
configure:13687: gcc -c -g -O2  conftest.c >&5
configure:13687: $? = 0
configure:13687: gcc -c -g -O2  conftest.c >&5
conftest.c: In function 'main':
conftest.c:66:21: error: expected expression before ')' token
   66 | if (sizeof ((size_t)))
      |                     ^
configure:13687: $? = 1
configure: failed program was:
| /* confdefs.h */
| #define PACKAGE_NAME "ccid"
| #define PACKAGE_TARNAME "ccid"
| #define PACKAGE_VERSION "1.5.0"
| #define PACKAGE_STRING "ccid 1.5.0"
| #define PACKAGE_BUGREPORT ""
| #define PACKAGE_URL ""
| #define PACKAGE "ccid"
| #define VERSION "1.5.0"
| #define YYTEXT_POINTER 1
| #define HAVE_STDIO_H 1
| #define HAVE_STDLIB_H 1
| #define HAVE_STRING_H 1
| #define HAVE_INTTYPES_H 1
| #define HAVE_STDINT_H 1
| #define HAVE_STRINGS_H 1
| #define HAVE_SYS_STAT_H 1
| #define HAVE_SYS_TYPES_H 1
| #define HAVE_UNISTD_H 1
| #define STDC_HEADERS 1
| #define HAVE_DLFCN_H 1
| #define LT_OBJDIR ".libs/"
| #define HAVE_ERRNO_H 1
| #define HAVE_FCNTL_H 1
| #define HAVE_STDLIB_H 1
| #define HAVE_UNISTD_H 1
| #define HAVE_TERMIOS_H 1
| #define HAVE_STRING_H 1
| #define HAVE_SYS_TIME_H 1
| #define HAVE_SYS_TYPES_H 1
| #define HAVE_STDARG_H 1
| #define HAVE_ARPA_INET_H 1
| #define HAVE_STDIO_H 1
| /* end confdefs.h.  */
| #include <stddef.h>
| #ifdef HAVE_STDIO_H
| # include <stdio.h>
| #endif
| #ifdef HAVE_STDLIB_H
| # include <stdlib.h>
| #endif
| #ifdef HAVE_STRING_H
| # include <string.h>
| #endif
| #ifdef HAVE_INTTYPES_H
| # include <inttypes.h>
| #endif
| #ifdef HAVE_STDINT_H
| # include <stdint.h>
| #endif
| #ifdef HAVE_STRINGS_H
| # include <strings.h>
| #endif
| #ifdef HAVE_SYS_TYPES_H
| # include <sys/types.h>
| #endif
| #ifdef HAVE_SYS_STAT_H
| # include <sys/stat.h>
| #endif
| #ifdef HAVE_UNISTD_H
| # include <unistd.h>
| #endif
| int
| main (void)
| {
| if (sizeof ((size_t)))
| 	    return 0;
|   ;
|   return 0;
| }
configure:13687: result: yes
configure:13699: checking for select
configure:13699: gcc -o conftest -g -O2   conftest.c  >&5
configure:13699: $? = 0
configure:13699: result: yes
configure:13705: checking for strerror
configure:13705: gcc -o conftest -g -O2   conftest.c  >&5
configure:13705: $? = 0
configure:13705: result: yes
configure:13711: checking for strncpy
configure:13711: gcc -o conftest -g -O2   conftest.c  >&5
conftest.c:53:6: warning: conflicting types for built-in function 'strncpy'; expected 'char *(char *, const char *, long unsigned int)' [-Wbuiltin-declaration-mismatch]
   53 | char strncpy ();
      |      ^~~~~~~
conftest.c:45:1: note: 'strncpy' is declared in header '<string.h>'
   44 | #include <limits.h>
   45 | #undef strncpy
configure:13711: $? = 0
configure:13711: result: yes
configure:13717: checking for memcpy
configure:13717: gcc -o conftest -g -O2   conftest.c  >&5
conftest.c:54:6: warning: conflicting types for built-in function 'memcpy'; expected 'void *(void *, const void *, long unsigned int)' [-Wbuiltin-declaration-mismatch]
   54 | char memcpy ();
      |      ^~~~~~
conftest.c:46:1: note: 'memcpy' is declared in header '<string.h>'
   45 | #include <limits.h>
   46 | #undef memcpy
configure:13717: $? = 0
configure:13717: result: yes
configure:13723: checking for strlcpy
configure:13723: gcc -o conftest -g -O2   conftest.c  >&5
/usr/bin/ld: /tmp/ccS8Xx5j.o: in function `main':
/home/yanice/Desktop/NFCkeyboard/ccid-1.5.0/conftest.c:66: undefined reference to `strlcpy'
collect2: error: ld returned 1 exit status
configure:13723: $? = 1
configure: failed program was:
| /* confdefs.h */
| #define PACKAGE_NAME "ccid"
| #define PACKAGE_TARNAME "ccid"
| #define PACKAGE_VERSION "1.5.0"
| #define PACKAGE_STRING "ccid 1.5.0"
| #define PACKAGE_BUGREPORT ""
| #define PACKAGE_URL ""
| #define PACKAGE "ccid"
| #define VERSION "1.5.0"
| #define YYTEXT_POINTER 1
| #define HAVE_STDIO_H 1
| #define HAVE_STDLIB_H 1
| #define HAVE_STRING_H 1
| #define HAVE_INTTYPES_H 1
| #define HAVE_STDINT_H 1
| #define HAVE_STRINGS_H 1
| #define HAVE_SYS_STAT_H 1
| #define HAVE_SYS_TYPES_H 1
| #define HAVE_UNISTD_H 1
| #define STDC_HEADERS 1
| #define HAVE_DLFCN_H 1
| #define LT_OBJDIR ".libs/"
| #define HAVE_ERRNO_H 1
| #define HAVE_FCNTL_H 1
| #define HAVE_STDLIB_H 1
| #define HAVE_UNISTD_H 1
| #define HAVE_TERMIOS_H 1
| #define HAVE_STRING_H 1
| #define HAVE_SYS_TIME_H 1
| #define HAVE_SYS_TYPES_H 1
| #define HAVE_STDARG_H 1
| #define HAVE_ARPA_INET_H 1
| #define HAVE_STDIO_H 1
| #define HAVE_SELECT 1
| #define HAVE_STRERROR 1
| #define HAVE_STRNCPY 1
| #define HAVE_MEMCPY 1
| /* end confdefs.h.  */
| /* Define strlcpy to an innocuous variant, in case <limits.h> declares strlcpy.
|    For example, HP-UX 11i <limits.h> declares gettimeofday.  */
| #define strlcpy innocuous_strlcpy
| 
| /* System header to define __stub macros and hopefully few prototypes,
|    which can conflict with char strlcpy (); below.  */
| 
| #include <limits.h>
| #undef strlcpy
| 
| /* Override any GCC internal prototype to avoid an error.
|    Use char because int might match the return type of a GCC
|    builtin and then its argument prototype would still apply.  */
| #ifdef __cplusplus
| extern "C"
| #endif
| char strlcpy ();
| /* The GNU C library defines this for functions which it implements
|     to always fail with ENOSYS.  Some functions are actually named
|     something starting with __ and the normal name is an alias.  */
| #if defined __stub_strlcpy || defined __stub___strlcpy
| choke me
| #endif
| 
| int
| main (void)
| {
| return strlcpy ();
|   ;
|   return 0;
| }
configure:13723: result: no
configure:13729: checking for strlcat
configure:13729: gcc -o conftest -g -O2   conftest.c  >&5
/usr/bin/ld: /tmp/ccD3yavz.o: in function `main':
/home/yanice/Desktop/NFCkeyboard/ccid-1.5.0/conftest.c:66: undefined reference to `strlcat'
collect2: error: ld returned 1 exit status
configure:13729: $? = 1
configure: failed program was:
| /* confdefs.h */
| #define PACKAGE_NAME "ccid"
| #define PACKAGE_TARNAME "ccid"
| #define PACKAGE_VERSION "1.5.0"
| #define PACKAGE_STRING "ccid 1.5.0"
| #define PACKAGE_BUGREPORT ""
| #define PACKAGE_URL ""
| #define PACKAGE "ccid"
| #define VERSION "1.5.0"
| #define YYTEXT_POINTER 1
| #define HAVE_STDIO_H 1
| #define HAVE_STDLIB_H 1
| #define HAVE_STRING_H 1
| #define HAVE_INTTYPES_H 1
| #define HAVE_STDINT_H 1
| #define HAVE_STRINGS_H 1
| #define HAVE_SYS_STAT_H 1
| #define HAVE_SYS_TYPES_H 1
| #define HAVE_UNISTD_H 1
| #define STDC_HEADERS 1
| #define HAVE_DLFCN_H 1
| #define LT_OBJDIR ".libs/"
| #define HAVE_ERRNO_H 1
| #define HAVE_FCNTL_H 1
| #define HAVE_STDLIB_H 1
| #define HAVE_UNISTD_H 1
| #define HAVE_TERMIOS_H 1
| #define HAVE_STRING_H 1
| #define HAVE_SYS_TIME_H 1
| #define HAVE_SYS_TYPES_H 1
| #define HAVE_STDARG_H 1
| #define HAVE_ARPA_INET_H 1
| #define HAVE_STDIO_H 1
| #define HAVE_SELECT 1
| #define HAVE_STRERROR 1
| #define HAVE_STRNCPY 1
| #define HAVE_MEMCPY 1
| /* end confdefs.h.  */
| /* Define strlcat to an innocuous variant, in case <limits.h> declares strlcat.
|    For example, HP-UX 11i <limits.h> declares gettimeofday.  */
| #define strlcat innocuous_strlcat
| 
| /* System header to define __stub macros and hopefully few prototypes,
|    which can conflict with char strlcat (); below.  */
| 
| #include <limits.h>
| #undef strlcat
| 
| /* Override any GCC internal prototype to avoid an error.
|    Use char because int might match the return type of a GCC
|    builtin and then its argument prototype would still apply.  */
| #ifdef __cplusplus
| extern "C"
| #endif
| char strlcat ();
| /* The GNU C library defines this for functions which it implements
|     to always fail with ENOSYS.  Some functions are actually named
|     something starting with __ and the normal name is an alias.  */
| #if defined __stub_strlcat || defined __stub___strlcat
| choke me
| #endif
| 
| int
| main (void)
| {
| return strlcat ();
|   ;
|   return 0;
| }
configure:13729: result: no
configure:13766: $PKG_CONFIG --exists --print-errors "libusb-1.0"
configure:13769: $? = 0
configure:13774: checking for libusb-1.0 >= 1.0.9
configure:13781: $PKG_CONFIG --exists --print-errors "libusb-1.0 >= $LIBUSB_NEEDED_VERSION"
configure:13784: $? = 0
configure:13798: $PKG_CONFIG --exists --print-errors "libusb-1.0 >= $LIBUSB_NEEDED_VERSION"
configure:13801: $? = 0
configure:14027: result: yes
configure:14042: checking for libusb.h
configure:14042: gcc -c -g -O2  -I/usr/include/libusb-1.0 conftest.c >&5
configure:14042: $? = 0
configure:14042: result: yes
configure:14053: checking for libusb_init
configure:14070: gcc -o conftest -g -O2  -I/usr/include/libusb-1.0  conftest.c  -lusb-1.0 >&5
configure:14070: $? = 0
configure:14072: result: yes
configure:14114: checking for -fvisibility=hidden
configure:14120: gcc -c -g -O2 -fvisibility=hidden  conftest.c >&5
configure:14120: $? = 0
configure:14122: result: yes
configure:14305: checking whether gcc is Clang
configure:14332: result: no
configure:14397: checking whether pthreads work with "-pthread" and "-lpthread"
configure:14508: gcc -o conftest -g -O2 -pthread   conftest.c -lpthread  >&5
configure:14508: $? = 0
configure:14518: result: yes
configure:14641: checking for joinable pthread attribute
configure:14660: gcc -o conftest -g -O2 -pthread   conftest.c -lpthread  >&5
configure:14660: $? = 0
configure:14669: result: PTHREAD_CREATE_JOINABLE
configure:14682: checking whether more special flags are required for pthreads
configure:14696: result: no
configure:14705: checking for PTHREAD_PRIO_INHERIT
configure:14723: gcc -o conftest -g -O2 -pthread   conftest.c -lpthread  >&5
configure:14723: $? = 0
configure:14733: result: yes
configure:15008: checking for SCardEstablishContext
configure:15025: gcc -o conftest -g -O2 -pthread -I/usr/include/PCSC   conftest.c  -lpcsclite >&5
configure:15025: $? = 0
configure:15027: result: yes
configure:15276: checking that generated files are newer than configure
configure:15282: result: done
configure:15321: creating ./config.status

## ---------------------- ##
## Running config.status. ##
## ---------------------- ##

This file was extended by ccid config.status 1.5.0, which was
generated by GNU Autoconf 2.71.  Invocation command line was

  CONFIG_FILES    = 
  CONFIG_HEADERS  = 
  CONFIG_LINKS    = 
  CONFIG_COMMANDS = 
  $ ./config.status 

on yanice-System-Product-Name

config.status:1141: creating Makefile
config.status:1141: creating src/Makefile
config.status:1141: creating readers/Makefile
config.status:1141: creating contrib/Makefile
config.status:1141: creating contrib/Kobil_mIDentity_switch/Makefile
config.status:1141: creating contrib/RSA_SecurID/Makefile
config.status:1141: creating examples/Makefile
config.status:1141: creating config.h
config.status:1370: executing depfiles commands
config.status:1447: cd src       && sed -e '/# am--include-marker/d' Makefile         | make -f - am--depfiles
config.status:1452: $? = 0
config.status:1447: cd contrib/Kobil_mIDentity_switch       && sed -e '/# am--include-marker/d' Makefile         | make -f - am--depfiles
config.status:1452: $? = 0
config.status:1447: cd contrib/RSA_SecurID       && sed -e '/# am--include-marker/d' Makefile         | make -f - am--depfiles
config.status:1452: $? = 0
config.status:1447: cd examples       && sed -e '/# am--include-marker/d' Makefile         | make -f - am--depfiles
config.status:1452: $? = 0
config.status:1370: executing libtool commands

## ---------------- ##
## Cache variables. ##
## ---------------- ##

ac_cv_build=x86_64-pc-linux-gnu
ac_cv_c_compiler_gnu=yes
ac_cv_c_const=yes
ac_cv_env_CC_set=
ac_cv_env_CC_value=
ac_cv_env_CFLAGS_set=
ac_cv_env_CFLAGS_value=
ac_cv_env_CPPFLAGS_set=
ac_cv_env_CPPFLAGS_value=
ac_cv_env_CPP_set=
ac_cv_env_CPP_value=
ac_cv_env_LDFLAGS_set=
ac_cv_env_LDFLAGS_value=
ac_cv_env_LIBS_set=
ac_cv_env_LIBS_value=
ac_cv_env_LIBUSB_CFLAGS_set=
ac_cv_env_LIBUSB_CFLAGS_value=
ac_cv_env_LIBUSB_LIBS_set=
ac_cv_env_LIBUSB_LIBS_value=
ac_cv_env_LT_SYS_LIBRARY_PATH_set=
ac_cv_env_LT_SYS_LIBRARY_PATH_value=
ac_cv_env_PCSC_CFLAGS_set=
ac_cv_env_PCSC_CFLAGS_value=
ac_cv_env_PCSC_LIBS_set=
ac_cv_env_PCSC_LIBS_value=
ac_cv_env_PKG_CONFIG_LIBDIR_set=
ac_cv_env_PKG_CONFIG_LIBDIR_value=
ac_cv_env_PKG_CONFIG_PATH_set=
ac_cv_env_PKG_CONFIG_PATH_value=
ac_cv_env_PKG_CONFIG_set=
ac_cv_env_PKG_CONFIG_value=
ac_cv_env_build_alias_set=
ac_cv_env_build_alias_value=
ac_cv_env_host_alias_set=
ac_cv_env_host_alias_value=
ac_cv_env_target_alias_set=
ac_cv_env_target_alias_value=
ac_cv_func_memcpy=yes
ac_cv_func_select=yes
ac_cv_func_strerror=yes
ac_cv_func_strlcat=no
ac_cv_func_strlcpy=no
ac_cv_func_strncpy=yes
ac_cv_header_arpa_inet_h=yes
ac_cv_header_dlfcn_h=yes
ac_cv_header_errno_h=yes
ac_cv_header_fcntl_h=yes
ac_cv_header_ifdhandler_h=yes
ac_cv_header_inttypes_h=yes
ac_cv_header_libusb_h=yes
ac_cv_header_reader_h=yes
ac_cv_header_stdarg_h=yes
ac_cv_header_stdint_h=yes
ac_cv_header_stdio_h=yes
ac_cv_header_stdlib_h=yes
ac_cv_header_string_h=yes
ac_cv_header_strings_h=yes
ac_cv_header_sys_stat_h=yes
ac_cv_header_sys_time_h=yes
ac_cv_header_sys_types_h=yes
ac_cv_header_termios_h=yes
ac_cv_header_unistd_h=yes
ac_cv_host=x86_64-pc-linux-gnu
ac_cv_lib_lex='none needed'
ac_cv_objext=o
ac_cv_path_EGREP='/usr/bin/grep -E'
ac_cv_path_FGREP='/usr/bin/grep -F'
ac_cv_path_GREP=/usr/bin/grep
ac_cv_path_SED=/usr/bin/sed
ac_cv_path_ac_pt_PKG_CONFIG=/usr/bin/pkg-config
ac_cv_path_install='/usr/bin/install -c'
ac_cv_path_lt_DD=/usr/bin/dd
ac_cv_path_mkdir=/usr/bin/mkdir
ac_cv_prog_AWK=gawk
ac_cv_prog_CPP='gcc -E'
ac_cv_prog_LEX=flex
ac_cv_prog_ac_ct_AR=ar
ac_cv_prog_ac_ct_CC=gcc
ac_cv_prog_ac_ct_MANIFEST_TOOL=mt
ac_cv_prog_ac_ct_OBJDUMP=objdump
ac_cv_prog_ac_ct_RANLIB=ranlib
ac_cv_prog_ac_ct_STRIP=strip
ac_cv_prog_cc_c11=
ac_cv_prog_cc_g=yes
ac_cv_prog_cc_stdc=
ac_cv_prog_lex_root=lex.yy
ac_cv_prog_lex_yytext_pointer=yes
ac_cv_prog_make_make_set=yes
ac_cv_search_yywrap=-ll
ac_cv_type_size_t=yes
am_cv_CC_dependencies_compiler_type=gcc3
am_cv_ar_interface=ar
am_cv_make_support_nested_variables=yes
am_cv_prog_cc_c_o=yes
ax_cv_PTHREAD_CLANG=no
ax_cv_PTHREAD_JOINABLE_ATTR=PTHREAD_CREATE_JOINABLE
ax_cv_PTHREAD_PRIO_INHERIT=yes
ax_cv_PTHREAD_SPECIAL_FLAGS=no
lt_cv_ar_at_file=@
lt_cv_archive_cmds_need_lc=no
lt_cv_deplibs_check_method=pass_all
lt_cv_file_magic_cmd='$MAGIC_CMD'
lt_cv_file_magic_test_file=
lt_cv_ld_reload_flag=-r
lt_cv_nm_interface='BSD nm'
lt_cv_objdir=.libs
lt_cv_path_LD=/usr/bin/ld
lt_cv_path_NM='/usr/bin/nm -B'
lt_cv_path_mainfest_tool=no
lt_cv_prog_compiler_c_o=yes
lt_cv_prog_compiler_pic='-fPIC -DPIC'
lt_cv_prog_compiler_pic_works=yes
lt_cv_prog_compiler_rtti_exceptions=no
lt_cv_prog_compiler_static_works=yes
lt_cv_prog_gnu_ld=yes
lt_cv_sharedlib_from_linklib_cmd='printf %s\n'
lt_cv_shlibpath_overrides_runpath=yes
lt_cv_sys_global_symbol_pipe='sed -n -e '\''s/^.*[	 ]\([ABCDGIRSTW][ABCDGIRSTW]*\)[	 ][	 ]*\([_A-Za-z][_A-Za-z0-9]*\)$/\1 \2 \2/p'\'' | sed '\''/ __gnu_lto/d'\'''
lt_cv_sys_global_symbol_to_c_name_address='sed -n -e '\''s/^: \(.*\) .*$/  {"\1", (void *) 0},/p'\'' -e '\''s/^[ABCDGIRSTW][ABCDGIRSTW]* .* \(.*\)$/  {"\1", (void *) \&\1},/p'\'''
lt_cv_sys_global_symbol_to_c_name_address_lib_prefix='sed -n -e '\''s/^: \(.*\) .*$/  {"\1", (void *) 0},/p'\'' -e '\''s/^[ABCDGIRSTW][ABCDGIRSTW]* .* \(lib.*\)$/  {"\1", (void *) \&\1},/p'\'' -e '\''s/^[ABCDGIRSTW][ABCDGIRSTW]* .* \(.*\)$/  {"lib\1", (void *) \&\1},/p'\'''
lt_cv_sys_global_symbol_to_cdecl='sed -n -e '\''s/^T .* \(.*\)$/extern int \1();/p'\'' -e '\''s/^[ABCDGIRSTW][ABCDGIRSTW]* .* \(.*\)$/extern char \1;/p'\'''
lt_cv_sys_global_symbol_to_import=
lt_cv_sys_max_cmd_len=1572864
lt_cv_to_host_file_cmd=func_convert_file_noop
lt_cv_to_tool_file_cmd=func_convert_file_noop
lt_cv_truncate_bin='/usr/bin/dd bs=4096 count=1'
pkg_cv_LIBUSB_CFLAGS=-I/usr/include/libusb-1.0
pkg_cv_LIBUSB_LIBS=-lusb-1.0
pkg_cv_PCSC_CFLAGS='-pthread -I/usr/include/PCSC'
pkg_cv_PCSC_LIBS=-lpcsclite

## ----------------- ##
## Output variables. ##
## ----------------- ##

ACLOCAL='${SHELL} '\''/home/yanice/Desktop/NFCkeyboard/ccid-1.5.0/missing'\'' aclocal-1.16'
AMDEPBACKSLASH='\'
AMDEP_FALSE='#'
AMDEP_TRUE=''
AMTAR='$${TAR-tar}'
AM_BACKSLASH='\'
AM_DEFAULT_V='$(AM_DEFAULT_VERBOSITY)'
AM_DEFAULT_VERBOSITY='0'
AM_V='$(V)'
AR='ar'
AUTOCONF='${SHELL} '\''/home/yanice/Desktop/NFCkeyboard/ccid-1.5.0/missing'\'' autoconf'
AUTOHEADER='${SHELL} '\''/home/yanice/Desktop/NFCkeyboard/ccid-1.5.0/missing'\'' autoheader'
AUTOMAKE='${SHELL} '\''/home/yanice/Desktop/NFCkeyboard/ccid-1.5.0/missing'\'' automake-1.16'
AWK='gawk'
BUNDLE_HOST='Linux'
CC='gcc'
CCDEPMODE='depmode=gcc3'
CFLAGS='-g -O2'
CPP='gcc -E'
CPPFLAGS=''
CSCOPE='cscope'
CTAGS='ctags'
CYGPATH_W='echo'
DEFS='-DHAVE_CONFIG_H'
DEPDIR='.deps'
DLLTOOL='false'
DSYMUTIL=''
DUMPBIN=''
DYN_LIB_EXT='so'
ECHO_C=''
ECHO_N='-n'
ECHO_T=''
EGREP='/usr/bin/grep -E'
ETAGS='etags'
EXEEXT=''
FGREP='/usr/bin/grep -F'
GREP='/usr/bin/grep'
INSTALL_DATA='${INSTALL} -m 644'
INSTALL_PROGRAM='${INSTALL}'
INSTALL_SCRIPT='${INSTALL}'
INSTALL_STRIP_PROGRAM='$(install_sh) -c -s'
LD='/usr/bin/ld -m elf_x86_64'
LDFLAGS=''
LEX='flex'
LEXLIB='-ll '
LEX_OUTPUT_ROOT='lex.yy'
LIBOBJS=''
LIBS=''
LIBTOOL='$(SHELL) $(top_builddir)/libtool'
LIBTOOL_DEPS='././/ltmain.sh'
LIBUSB_CFLAGS='-I/usr/include/libusb-1.0'
LIBUSB_LIBS='-lusb-1.0'
LIPO=''
LN_S='ln -s'
LTLIBOBJS=''
LT_SYS_LIBRARY_PATH=''
MAINT='#'
MAINTAINER_MODE_FALSE=''
MAINTAINER_MODE_TRUE='#'
MAKEINFO='${SHELL} '\''/home/yanice/Desktop/NFCkeyboard/ccid-1.5.0/missing'\'' makeinfo'
MANIFEST_TOOL=':'
MKDIR_P='/usr/bin/mkdir -p'
NM='/usr/bin/nm -B'
NMEDIT=''
NOCLASS=''
OBJDUMP='objdump'
OBJEXT='o'
OTOOL64=''
OTOOL=''
PACKAGE='ccid'
PACKAGE_BUGREPORT=''
PACKAGE_NAME='ccid'
PACKAGE_STRING='ccid 1.5.0'
PACKAGE_TARNAME='ccid'
PACKAGE_URL=''
PACKAGE_VERSION='1.5.0'
PATH_SEPARATOR=':'
PCSC_CFLAGS='-pthread -I/usr/include/PCSC'
PCSC_LIBS='-lpcsclite'
PKG_CONFIG='/usr/bin/pkg-config'
PKG_CONFIG_LIBDIR=''
PKG_CONFIG_PATH=''
PTHREAD_CC='gcc'
PTHREAD_CFLAGS='-pthread'
PTHREAD_CXX=''
PTHREAD_LIBS='-lpthread'
RANLIB='ranlib'
SED='/usr/bin/sed'
SET_MAKE=''
SHELL='/bin/bash'
STRIP='strip'
SYMBOL_VISIBILITY='-fvisibility=hidden'
VERSION='1.5.0'
WITHOUT_PCSC_FALSE=''
WITHOUT_PCSC_TRUE='#'
WITH_LIBUSB_FALSE='#'
WITH_LIBUSB_TRUE=''
WITH_TWIN_SERIAL_FALSE=''
WITH_TWIN_SERIAL_TRUE='#'
ac_aux_dir='././'
ac_ct_AR='ar'
ac_ct_CC='gcc'
ac_ct_DUMPBIN=''
am__EXEEXT_FALSE=''
am__EXEEXT_TRUE='#'
am__fastdepCC_FALSE='#'
am__fastdepCC_TRUE=''
am__include='include'
am__isrc=''
am__leading_dot='.'
am__nodep='_no'
am__quote=''
am__tar='$${TAR-tar} chof - "$$tardir"'
am__untar='$${TAR-tar} xf -'
ax_pthread_config=''
bindir='${exec_prefix}/bin'
build='x86_64-pc-linux-gnu'
build_alias=''
build_cpu='x86_64'
build_os='linux-gnu'
build_vendor='pc'
bundle='ifd-ccid.bundle'
ccidtwindir='/usr/lib/pcsc/drivers/serial'
datadir='${datarootdir}'
datarootdir='${prefix}/share'
docdir='${datarootdir}/doc/${PACKAGE_TARNAME}'
dvidir='${docdir}'
exec_prefix='${prefix}'
host='x86_64-pc-linux-gnu'
host_alias=''
host_cpu='x86_64'
host_os='linux-gnu'
host_vendor='pc'
htmldir='${docdir}'
includedir='${prefix}/include'
infodir='${datarootdir}/info'
install_sh='${SHELL} /home/yanice/Desktop/NFCkeyboard/ccid-1.5.0/install-sh'
libdir='${exec_prefix}/lib'
libexecdir='${exec_prefix}/libexec'
localedir='${datarootdir}/locale'
localstatedir='${prefix}/var'
mandir='${datarootdir}/man'
mkdir_p='$(MKDIR_P)'
oldincludedir='/usr/include'
pdfdir='${docdir}'
prefix='/usr/local'
program_transform_name='s,x,x,'
psdir='${docdir}'
runstatedir='${localstatedir}/run'
sbindir='${exec_prefix}/sbin'
serialconfdir='/etc/reader.conf.d'
sharedstatedir='${prefix}/com'
sysconfdir='${prefix}/etc'
target_alias=''
usbdropdir='/usr/lib/pcsc/drivers'

## ----------- ##
## confdefs.h. ##
## ----------- ##

/* confdefs.h */
#define PACKAGE_NAME "ccid"
#define PACKAGE_TARNAME "ccid"
#define PACKAGE_VERSION "1.5.0"
#define PACKAGE_STRING "ccid 1.5.0"
#define PACKAGE_BUGREPORT ""
#define PACKAGE_URL ""
#define PACKAGE "ccid"
#define VERSION "1.5.0"
#define YYTEXT_POINTER 1
#define HAVE_STDIO_H 1
#define HAVE_STDLIB_H 1
#define HAVE_STRING_H 1
#define HAVE_INTTYPES_H 1
#define HAVE_STDINT_H 1
#define HAVE_STRINGS_H 1
#define HAVE_SYS_STAT_H 1
#define HAVE_SYS_TYPES_H 1
#define HAVE_UNISTD_H 1
#define STDC_HEADERS 1
#define HAVE_DLFCN_H 1
#define LT_OBJDIR ".libs/"
#define HAVE_ERRNO_H 1
#define HAVE_FCNTL_H 1
#define HAVE_STDLIB_H 1
#define HAVE_UNISTD_H 1
#define HAVE_TERMIOS_H 1
#define HAVE_STRING_H 1
#define HAVE_SYS_TIME_H 1
#define HAVE_SYS_TYPES_H 1
#define HAVE_STDARG_H 1
#define HAVE_ARPA_INET_H 1
#define HAVE_STDIO_H 1
#define HAVE_SELECT 1
#define HAVE_STRERROR 1
#define HAVE_STRNCPY 1
#define HAVE_MEMCPY 1
#define HAVE_LIBUSB_H 1
#define HAVE_PTHREAD_PRIO_INHERIT 1
#define HAVE_PTHREAD 1
#define BUNDLE "ifd-ccid.bundle"
#define PCSCLITE_HP_DROPDIR "/usr/lib/pcsc/drivers"

configure: exit 0
